Turbo Assembler	 Version 4.1	    02/13/23 00:17:46	    Page 1
print.asm



      1	0000			     .model tiny
      2	0000			     .code
      3				     org 100h
      4
      5	0100  BB B800		     Start:	     mov bx, 0b800h  ; ES = VideoSegment
      6	0103  8E C3					     mov es, bx
      7
      8	0105  33 DB					     xor bx, bx	     ; BX = 0
      9
     10	0107  BA 0000					     mov dx, 0		     ; i = 0
     11
     12	010A						     for_01:
     13
     14	010A  33 F6					     xor si, si		     ; SI = 0 ,	set char address
     15	010C  81 C6 0081				     add si, 81h
     16	0110  03 F2					     add si, dx
     17
     18	0112  8B 0C					     mov cx, [si]    ; cx = currCmdLineChar
     19
     20	0114  80 FD 0D					     cmp ch, 13d     ; strcmp( currCmdLineChar,	0 )
     21	0117  74 13					     je	end_for_01
     22
     23	0119  8B DA						     mov bx, dx
     24	011B  03 DA						     add bx, dx
     25	011D  81 C3 07C6					     add bx, 1990d ; 1920 = 12*160 -> 13 line
     26
     27	0121  26: 88 2F						     mov     byte ptr es:[bx],	  ch	     ; cmd line	char
     28	0124  26: C6 47	01 B0					     mov byte ptr es:[bx+1],  0b0h   ; yellow on red (blink)
     29
     30	0129  42						     inc dx  ; i++
     31
     32	012A  EB DE						     jmp for_01
     33
     34	012C						     end_for_01:
     35
     36	012C  B8 4C00					     mov ax, 4c00h ; exit( 0 )
     37	012F  CD 21					     int 21h
     38
     39				     end		     Start
Turbo Assembler	 Version 4.1	    02/13/23 00:17:46	    Page 2
Symbol Table




Symbol Name			  Type	 Value

??DATE				  Text	 "02/13/23"
??FILENAME			  Text	 "print	  "
??TIME				  Text	 "00:17:45"
??VERSION			  Number 040A
@32BIT				  Text	 0
@CODE				  Text	 DGROUP
@CODESIZE			  Text	 0
@CPU				  Text	 0101H
@CURSEG				  Text	 _TEXT
@DATA				  Text	 DGROUP
@DATASIZE			  Text	 0
@FILENAME			  Text	 PRINT
@INTERFACE			  Text	 000H
@MODEL				  Text	 1
@STACK				  Text	 DGROUP
@WORDSIZE			  Text	 2
END_FOR_01			  Near	 DGROUP:012C
FOR_01				  Near	 DGROUP:010A
START				  Near	 DGROUP:0100

Groups & Segments		  Bit Size Align  Combine Class

DGROUP				  Group
  _DATA				  16  0000 Word	  Public  DATA
  _TEXT				  16  0131 Word	  Public  CODE
